Enter column number (1-7), or 0 to quit: 

. . . . . . .
. . . . . . .
. . . . . . .
. . . . . . .
. . . . . . .
. . . . . . .

Game over: user quit
