Enter column number (1-7), or 0 to quit: 

. . . . . . .
. . . . . . .
. . . . . . .
. . . . . . .
. . . . . . .
. Y . . . . .

Enter column number (1-7), or 0 to quit: 

. . . . . . .
. . . . . . .
. . . . . . .
. . . . . . .
. R . . . . .
. Y . . . . .

Enter column number (1-7), or 0 to quit: 

. . . . . . .
. . . . . . .
. . . . . . .
. Y . . . . .
. R . . . . .
. Y . . . . .

Enter column number (1-7), or 0 to quit: 

. . . . . . .
. . . . . . .
. R . . . . .
. Y . . . . .
. R . . . . .
. Y . . . . .

Enter column number (1-7), or 0 to quit: 

. . . . . . .
. . . . . . .
. R . . . . .
. Y . . . . .
. R . . . . .
. Y . . . . .

Game over: user quit
